// Jest Snapshot v1, https://goo.gl/fbAQLP

exports[`Button should match snapshot 1`] = `
<DocumentFragment>
  <button
    class="btn btn-default"
  >
     Snapshot Button 
  </button>
</DocumentFragment>
`;

exports[`Buttton should match snapshot 1`] = `
<DocumentFragment>
  <button
    class="btn btn-default"
  >
     Snapshot Button 
  </button>
</DocumentFragment>
`;
